// Jest Snapshot v1, https://goo.gl/fbAQLP

exports[`can load data for component 1`] = `
Object {
  "componentRenderPath": "test[0]",
  "dataProps": Object {
    "data": Object {
      "dataDefinitionArgs": Object {
        "dataArg": "Foo",
      },
      "loaded": true,
      "result": 3,
    },
  },
  "length": 3,
}
`;
